k005-010.hpcfund
Mon Oct  5 10:30:34 PM UTC 2026

Currently Loaded Modules:
  1) gnu12/12.2.0   3) openmpi4/4.1.8   5) prun/2.3
  2) ucx/1.18.1     4) cmake/3.25.2     6) rocm/6.4.1

 

4ebd7565d6d9c29700608620117cac0073e50a68
 6739bc623081648af9e752b616d9671527922cbf kokkos (4.7.02)
32cc99d530d3defaeada5c4a34489b08ec9c1f11065a7614d580cae8c25ca74d  /work1/eliasmost/jiaxiwu/plummer_s03_20261005/builds/4ebd7565d6d9c29700608620117cac0073e50a68/src/athena
ce4ad5739e037005403dffe83af786999efecfcf6b00f21d31d6fb9265801b3a  input_452594.athinput
LAUNCH prun /work1/eliasmost/jiaxiwu/plummer_s03_20261005/builds/4ebd7565d6d9c29700608620117cac0073e50a68/src/athena --kokkos-map-device-id-by=mpi_rank -t 00:24:00 -d /work1/eliasmost/jiaxiwu/plummer_s03_20261005/runs/preflight_frozen/out -i input_452594.athinput
[prun] Master compute host = k005-010
[prun] Resource manager = slurm
[prun] Launch cmd = mpirun /work1/eliasmost/jiaxiwu/plummer_s03_20261005/builds/4ebd7565d6d9c29700608620117cac0073e50a68/src/athena --kokkos-map-device-id-by=mpi_rank -t 00:24:00 -i input_452594.athinput -d /work1/eliasmost/jiaxiwu/plummer_s03_20261005/runs/preflight_frozen/out (family=openmpi4)

Root grid = 4 x 4 x 4 MeshBlocks
Total number of MeshBlocks = 624
Number of logical  levels of refinement = 12 (13 levels total)
Number of physical levels of refinement = 10 (11 levels total)
  Physical level = 0 (logical level = 2): 56 MeshBlocks, cost = 56
  Physical level = 1 (logical level = 3): 56 MeshBlocks, cost = 56
  Physical level = 2 (logical level = 4): 56 MeshBlocks, cost = 56
  Physical level = 3 (logical level = 5): 56 MeshBlocks, cost = 56
  Physical level = 4 (logical level = 6): 56 MeshBlocks, cost = 56
  Physical level = 5 (logical level = 7): 56 MeshBlocks, cost = 56
  Physical level = 6 (logical level = 8): 56 MeshBlocks, cost = 56
  Physical level = 7 (logical level = 9): 56 MeshBlocks, cost = 56
  Physical level = 8 (logical level = 10): 56 MeshBlocks, cost = 56
  Physical level = 9 (logical level = 11): 56 MeshBlocks, cost = 56
  Physical level = 10 (logical level = 12): 64 MeshBlocks, cost = 64
Number of parallel ranks = 4
  Rank = 0: 156 MeshBlocks, cost = 156
  Rank = 1: 156 MeshBlocks, cost = 156
  Rank = 2: 156 MeshBlocks, cost = 156
  Rank = 3: 156 MeshBlocks, cost = 156
Load Balancing:
  Maximum normalized cost = 1, Average = 1
nr_pic_plummer: P_ADM sphere 1/2  R = 9000  nangles = 2048  sum(w) = 12.5664  dx in [160, 160]  R/dx = 56.25  angles/cell(equator) = 0.181083  shared-face angles = 32  [untruncated analytic tail; finite sampled matter]
nr_pic_plummer: P_ADM sphere 2/2  R = 10000  nangles = 2048  sum(w) = 12.5664  dx in [160, 160]  R/dx = 62.5  angles/cell(equator) = 0.162975  shared-face angles = 32  [untruncated analytic tail; finite sampled matter]
nr_pic_plummer: P_ADM Bowen-York unit test (P = 0.3, -0.7, 0.11): max |P_measured - P_exact| = 4.44089e-16  -> PASS
ISOTROPIC_PLUMMER M0=1.0133372946305388 M0_inf=1.0134873008561143 P_ref=461.99570043659014 N=2113536 sampling_radius=1000 omitted_M0=0.00015000622557548304
### WARNING in /work1/eliasmost/jiaxiwu/plummer_s03_20261005/src/athenak/src/parameter_input.cpp: input parameter <particles>/cross_level_deposit = conservative was not used by the code (check for a typo)
### WARNING in /work1/eliasmost/jiaxiwu/plummer_s03_20261005/src/athenak/src/parameter_input.cpp: input parameter <particles>/tmunu_filter_passes = 0 was not used by the code (check for a typo)

Setup complete, executing task list(s)...

elapsed=2.785397e+01 cycle=0 time=0.000000e+00 dt=7.812500e-02
elapsed=5.923425e+01 cycle=10 time=7.812500e-01 dt=7.812500e-02
elapsed=9.589008e+01 cycle=20 time=1.562500e+00 dt=7.812500e-02
elapsed=1.502313e+02 cycle=30 time=2.343750e+00 dt=7.812500e-02
elapsed=1.905663e+02 cycle=40 time=3.125000e+00 dt=7.812500e-02
elapsed=2.319508e+02 cycle=50 time=3.906250e+00 dt=7.812500e-02
elapsed=2.890481e+02 cycle=60 time=4.687500e+00 dt=7.812500e-02
elapsed=3.314578e+02 cycle=70 time=5.468750e+00 dt=7.812500e-02
elapsed=3.745080e+02 cycle=80 time=6.250000e+00 dt=7.812500e-02
elapsed=4.330495e+02 cycle=90 time=7.031250e+00 dt=7.812500e-02
elapsed=5.004759e+02 cycle=100 time=7.812500e+00 dt=7.812500e-02

Terminating on cycle limit
time=7.812500e+00 cycle=100
tlim=2.309979e+03 nlim=100

particles: initial=2113536 final=2113536 destroyed: exit=0 sphere=0 lapse=0 horizon=0  [conservation OK]

MeshBlock-cycles = 62400
cpu time used  = 4.726219e+02
zone-cycles/cpu_second = 4.326340e+06
particle-updates/cpu_second = 4.471938e+05
{
  "job_id": "452594",
  "returncode": 0,
  "elapsed_seconds": 503,
  "node_hours": 0.13972222222222222,
  "health": {
    "valid": true,
    "reason": null,
    "physical_stop": false,
    "last_healthy_time": 7.8125,
    "ledger": "/work1/eliasmost/jiaxiwu/plummer_s03_20261005/runs/preflight_frozen/out/preflight_frozen.plummer_health.csv",
    "samples": 5
  },
  "completed": true,
  "cycle_limit": true,
  "slurm_state": "COMPLETED",
  "resource_failure": false,
  "checkpoint": "/work1/eliasmost/jiaxiwu/plummer_s03_20261005/runs/preflight_frozen/out/rst/preflight_frozen.00001.rst",
  "checkpoint_time": 7.8125,
  "checkpoint_header": {
    "time": 7.8125,
    "dt": 0.078125,
    "cycle": 100,
    "nmb": 624,
    "root_level": 2
  },
  "checkpoint_sha256": "64d70744319cdb5aa1d62c179df6eee9a0b8a4a712a6de7f7f3ef29f6a105f02"
}
